// Jest Snapshot v1, https://goo.gl/fbAQLP

exports[`CryptoIcon should render 1`] = `
<span
  className="cr-crypto-icon"
>
  <img
    alt="crypto-icon"
    src="test-file-stub"
  />
   
</span>
`;
