// Jest Snapshot v1, https://goo.gl/fbAQLP

exports[`EmailForm component should render 1`] = `
<form>
  <div
    className="cr-email-form"
  >
    <div
      className="cr-email-form__options-group"
    >
      <div
        className="cr-email-form__option"
      >
        <div
          className="cr-email-form__option-inner"
        >
          Forgot password
        </div>
      </div>
    </div>
    <div
      className="cr-email-form__form-content"
    >
      <div
        className="cr-email-form__group"
      >
        <label
          className="cr-email-form__label"
        >
          Email
        </label>
        <e
          className="cr-email-form__input"
          onBlur={[MockFunction]}
          onChangeValue={[MockFunction]}
          onFocus={[MockFunction]}
          type="email"
          value=""
        />
      </div>
      <div
        className="cr-email-form__button-wrapper"
      >
        <div
          className="cr-email-form__loader"
        />
        <Component
          className="cr-email-form__button"
          label="Send"
          onClick={[Function]}
          type="submit"
        />
      </div>
    </div>
  </div>
</form>
`;
