// Jest Snapshot v1, https://goo.gl/fbAQLP

exports[`EmailVerificationScreen test should render 1`] = `<withRouter(Connect(EmailVerificationComponent)) />`;
