// Jest Snapshot v1, https://goo.gl/fbAQLP

exports[`ForgotPasswordScreen test should render 1`] = `<ForgotPasswordScreen />`;
