// Jest Snapshot v1, https://goo.gl/fbAQLP

exports[`HistoryScreen test should render 1`] = `<HistoryScreen />`;
