// Jest Snapshot v1, https://goo.gl/fbAQLP

exports[`SignUpScreen test should render 1`] = `<SignUpScreen />`;
