// Jest Snapshot v1, https://goo.gl/fbAQLP

exports[`WalletsScreen test should render 1`] = `<WalletsScreen />`;
