// Jest Snapshot v1, https://goo.gl/fbAQLP

exports[`OpenOrders should render 1`] = `
<Connect(InjectIntl(Connect(OpenOrdersContainer)))
  cancelFetching={false}
  currentMarket={
    Object {
      "ask_fee": "0.0015",
      "ask_precision": 4,
      "ask_unit": "eth",
      "bid_fee": "0.0015",
      "bid_precision": 4,
      "bid_unit": "usd",
      "id": "ethusd",
      "max_bid_price": "0.0",
      "min_ask_amount": "0.0",
      "min_ask_price": "0.0",
      "min_bid_amount": "0.0",
      "name": "ETH/USD",
    }
  }
  fetching={false}
  list={
    Array [
      Object {
        "created_at": "2019-01-31T21:14:04+01:00",
        "executed_volume": 10,
        "id": 131,
        "market": "ethusd",
        "origin_volume": 10,
        "price": 104.4313,
        "remaining_volume": 0,
        "side": "sell",
        "state": "wait",
      },
    ]
  }
  userLoggedIn={true}
/>
`;
